// Vitest Snapshot v1, https://vitest.dev/guide/snapshot.html

exports[`admin API payload compatibility > returns stable intelligence payload shape 1`] = `
{
  "auditAvailable": true,
  "automationSummary": {
    "enabledPolicyCount": 0,
    "enabledScheduleCount": 0,
    "policyCount": 0,
    "scheduleCount": 0,
  },
  "insightKeys": [
    "alerts",
    "comparison",
    "dailyBreakdown",
    "recommendations",
    "topActions",
    "topActors",
    "topEntities",
    "windowDays",
  ],
  "profileId": "generic",
  "runtimeCategoryKeys": [
    "automation",
    "customers",
    "finance",
    "operations",
    "overview",
    "security",
    "system",
  ],
  "runtimeModuleCount": 23,
  "topLevelKeys": [
    "audit",
    "automation",
    "generatedAt",
    "health",
    "insights",
    "kpis",
    "policy",
    "profile",
    "profiles",
    "runtime",
    "trendSeries",
    "user",
  ],
  "trendKeys": [
    "reliability",
    "riskLoad",
    "weeklyThroughput",
  ],
}
`;

exports[`admin API payload compatibility > returns stable runtime payload shape 1`] = `
{
  "healthCheckKeys": [
    "auditAdapterWriteMs",
    "dataAdapterReadMs",
    "dataAdapterWriteMs",
    "pluginRuntimeReady",
    "settingsRegistryReady",
  ],
  "healthStatus": "healthy",
  "moduleCatalogSize": 23,
  "moduleIds": [
    "overview",
    "crm",
    "billing",
    "scheduling",
    "reporting",
    "support",
    "marketing",
    "procurement",
    "notifications",
    "people",
    "security-ops",
    "risk",
    "incidents",
    "compliance",
    "analytics",
    "forecasting",
    "automation",
    "partners",
    "data-platform",
    "settings",
    "audit",
    "integrations",
    "inventory",
  ],
  "pluginCounts": {
    "runtime": 3,
    "static": 21,
  },
  "pluginRolloutSummary": {
    "canary": {
      "blocked": 0,
      "enabled": 0,
      "total": 0,
    },
    "disabled": 0,
    "enabled": 24,
    "total": 24,
  },
  "topLevelKeys": [
    "flags",
    "health",
    "moduleCatalog",
    "modules",
    "pluginCompatibility",
    "pluginCounts",
    "pluginExecutionPlan",
    "pluginRollout",
    "pluginRolloutSummary",
    "profile",
    "security",
    "user",
    "userLayout",
  ],
}
`;
